python : Traceback (most recent call last):
At line:1 char:1
+ python src/main.test.py > test_output.txt 2>&1
+ ~~~~~~~~~~~~~~~~~~~~~~~~~~~~~~~~~~~~~~~~~~~~~~
    + CategoryInfo          : NotSpecified: (Traceback (most  
   recent call last)::String) [], RemoteException
    + FullyQualifiedErrorId : NativeCommandError
 
  File "C:\Users\askar\video-app\backend\src\main.test.py", 
line 66, in <module>
    test_batch_audio_edit()
  File "C:\Users\askar\video-app\backend\src\main.test.py", 
line 33, in test_batch_audio_edit
    print(f"\U0001f680 Starting local test for 
execute_batch...")
  File "C:\Users\askar\AppData\Local\Programs\Python\Python311
\Lib\encodings\cp1252.py", line 19, in encode
    return 
codecs.charmap_encode(input,self.errors,encoding_table)[0]
           
^^^^^^^^^^^^^^^^^^^^^^^^^^^^^^^^^^^^^^^^^^^^^^^^^^^^^^^
UnicodeEncodeError: 'charmap' codec can't encode character 
'\U0001f680' in position 0: character maps to <undefined>
